
> vite_react_shadcn_ts@0.0.0 build
> vite build

[36mvite v5.4.19 [32mbuilding for production...[36m[39m
transforming...
[32mÔ£ô[39m 1899 modules transformed.
node.exe : 
[31mx[39m Build 
failed in 4.02s
No linha:1 
caractere:1
+ & "C:\nvm4w\nodejs/
node.exe" "C:\nvm4w\n
odejs/node_modules/np
m/bin/np ...
+ ~~~~~~~~~~~~~~~~~~~
~~~~~~~~~~~~~~~~~~~~~
~~~~~~~~~~~~~~~~~~~~~
~~~~~~~~
    + CategoryInfo   
           : NotSpe  
  cified: ([31mx   
 [39m Build faile    
d in 4.02s:Strin    
g) [], RemoteExc    
eption
    + FullyQualified 
   ErrorId : Native  
  CommandError
 
[31merror during 
build:
[31m[vite-plugin-pwa
:build] Could not 
load C:\Users\Anderso
n\Desktop\mc\maiscapi
nhas-7d425b09\src/ser
vices/api/client 
(imported by src/serv
ices/conference/cash-
closings.service.ts):
 ENOENT: no such 
file or directory, 
open 'C:\Users\Anders
on\Desktop\mc\maiscap
inhas-7d425b09\src\se
rvices\api\client'[3
1m
    at async open (no
de:internal/fs/promis
es:641:25)
    at async 
Object.readFile (node
:internal/fs/promises
:1279:14)
    at async 
Object.load (file:///
C:/Users/Anderson/Des
ktop/mc/maiscapinhas-
7d425b09/node_modules
/vite/dist/node/chunk
s/dep-C6uTJdX2.js:653
41:25)
    at async PluginDr
iver.hookFirstAndGetP
lugin (file:///C:/Use
rs/Anderson/Desktop/m
c/maiscapinhas-7d425b
09/node_modules/rollu
p/dist/es/shared/node
-entry.js:20630:28)
    at async file:///
C:/Users/Anderson/Des
ktop/mc/maiscapinhas-
7d425b09/node_modules
/rollup/dist/es/share
d/node-entry.js:19750
:33
    at async 
Queue.work (file:///C
:/Users/Anderson/Desk
top/mc/maiscapinhas-7
d425b09/node_modules/
rollup/dist/es/shared
/node-entry.js:20840:
32)[39m
